Arap İsyanı 1916-1918 (David Murphy): 17 pages to OCR
  Arap İsyanı 1916-1918 (David Murphy): 1/17
Arap İsyanı 1916-1918 (David Murphy): done
Atatürk Hakkında Hatıralar ve Belgeler (Afet İnan): 12 pages to OCR
  Atatürk Hakkında Hatıralar ve Belgeler (Afet İnan): 1/12
Atatürk Hakkında Hatıralar ve Belgeler (Afet İnan): done
Atatürk'le Beraber (Mazhar Müfit Kansu): 3 pages to OCR
  Atatürk'le Beraber (Mazhar Müfit Kansu): 1/3
Atatürk'le Beraber (Mazhar Müfit Kansu): done
Avrupa ve Biz (İlber Ortaylı): 5 pages to OCR
  Avrupa ve Biz (İlber Ortaylı): 1/5
Avrupa ve Biz (İlber Ortaylı): done
Avrupa'da Müslümanlar (Lucette Valensi): 83 pages to OCR
  Avrupa'da Müslümanlar (Lucette Valensi): 1/83
  Avrupa'da Müslümanlar (Lucette Valensi): 26/83
  Avrupa'da Müslümanlar (Lucette Valensi): 51/83
  Avrupa'da Müslümanlar (Lucette Valensi): 76/83
Avrupa'da Müslümanlar (Lucette Valensi): done
Balkan Harbi'nde Ulaştırma (Bülent Durgun): 6 pages to OCR
  Balkan Harbi'nde Ulaştırma (Bülent Durgun): 1/6
Balkan Harbi'nde Ulaştırma (Bülent Durgun): done
Balkan Savaşı Günlüğü (Gustav von Hochwächter): 1 pages to OCR
  Balkan Savaşı Günlüğü (Gustav von Hochwächter): 1/1
Balkan Savaşı Günlüğü (Gustav von Hochwächter): done
Bir Yedek Subayın Anıları (Faik Tonguç): 1 pages to OCR
[33m[WARNING] 2026-09-24 22:30:39,380 [RapidOCR] main.py:132: The text detection result is empty[0m
  Bir Yedek Subayın Anıları (Faik Tonguç): 1/1
Bir Yedek Subayın Anıları (Faik Tonguç): done
Bu Defa Niçin Harp Edeceğimi Biliyorum (İbrahim Sorguç): 9 pages to OCR
  Bu Defa Niçin Harp Edeceğimi Biliyorum (İbrahim Sorguç): 1/9
Bu Defa Niçin Harp Edeceğimi Biliyorum (İbrahim Sorguç): done
Büyük Petro (Robert K. Massie): 1 pages to OCR
  Büyük Petro (Robert K. Massie): 1/1
Büyük Petro (Robert K. Massie): done
Cemal Paşa Hatıralar (Cemal Paşa): 3 pages to OCR
  Cemal Paşa Hatıralar (Cemal Paşa): 1/3
Cemal Paşa Hatıralar (Cemal Paşa): done
Cumhuriyet'in Çinli Misafirleri (Giray Fidan): 9 pages to OCR
  Cumhuriyet'in Çinli Misafirleri (Giray Fidan): 1/9
Cumhuriyet'in Çinli Misafirleri (Giray Fidan): done
Değişen İstanbul (Zeynep Çelik): 25 pages to OCR
  Değişen İstanbul (Zeynep Çelik): 1/25
Değişen İstanbul (Zeynep Çelik): done
Enver (Murat Bardakçı): 368 pages to OCR
  Enver (Murat Bardakçı): 1/368
  Enver (Murat Bardakçı): 26/368
  Enver (Murat Bardakçı): 51/368
  Enver (Murat Bardakçı): 76/368
  Enver (Murat Bardakçı): 101/368
  Enver (Murat Bardakçı): 126/368
  Enver (Murat Bardakçı): 151/368
  Enver (Murat Bardakçı): 176/368
  Enver (Murat Bardakçı): 201/368
  Enver (Murat Bardakçı): 226/368
  Enver (Murat Bardakçı): 251/368
  Enver (Murat Bardakçı): 276/368
  Enver (Murat Bardakçı): 301/368
  Enver (Murat Bardakçı): 326/368
  Enver (Murat Bardakçı): 351/368
Enver (Murat Bardakçı): done
Hafız Hakkı Paşa'nın Sarıkamış Günlüğü (Hafız Hakkı Paşa): 42 pages to OCR
  Hafız Hakkı Paşa'nın Sarıkamış Günlüğü (Hafız Hakkı Paşa): 1/42
  Hafız Hakkı Paşa'nın Sarıkamış Günlüğü (Hafız Hakkı Paşa): 26/42
Hafız Hakkı Paşa'nın Sarıkamış Günlüğü (Hafız Hakkı Paşa): done
Halas (Mehmet Rauf): 6 pages to OCR
  Halas (Mehmet Rauf): 1/6
Halas (Mehmet Rauf): done
Irak Kralı I. Faysal (Ali A. Allawi): 7 pages to OCR
  Irak Kralı I. Faysal (Ali A. Allawi): 1/7
Irak Kralı I. Faysal (Ali A. Allawi): done
Kılıç Ali'nin Anıları (Kılıç Ali): 72 pages to OCR
  Kılıç Ali'nin Anıları (Kılıç Ali): 1/72
  Kılıç Ali'nin Anıları (Kılıç Ali): 26/72
  Kılıç Ali'nin Anıları (Kılıç Ali): 51/72
Kılıç Ali'nin Anıları (Kılıç Ali): done
Kırım Savaşı ve Osmanlılar (Candan Badem): 3 pages to OCR
  Kırım Savaşı ve Osmanlılar (Candan Badem): 1/3
Kırım Savaşı ve Osmanlılar (Candan Badem): done
Kızıltoprak Anıları (Nezih H. Neyzi): 58 pages to OCR
  Kızıltoprak Anıları (Nezih H. Neyzi): 1/58
  Kızıltoprak Anıları (Nezih H. Neyzi): 26/58
  Kızıltoprak Anıları (Nezih H. Neyzi): 51/58
Kızıltoprak Anıları (Nezih H. Neyzi): done
Osmanlı Ortadoğu'sunu Yeniden Düşünmek (Cem Emrence): 2 pages to OCR
  Osmanlı Ortadoğu'sunu Yeniden Düşünmek (Cem Emrence): 1/2
Osmanlı Ortadoğu'sunu Yeniden Düşünmek (Cem Emrence): done
Osmanlı Piyadesi 1914-1918 (David Nicolle): 6 pages to OCR
  Osmanlı Piyadesi 1914-1918 (David Nicolle): 1/6
Osmanlı Piyadesi 1914-1918 (David Nicolle): done
Osmanlı İmparatorluğu Tarihi (Robert Mantran): 2 pages to OCR
  Osmanlı İmparatorluğu Tarihi (Robert Mantran): 1/2
Osmanlı İmparatorluğu Tarihi (Robert Mantran): done
Son Osmanlılar (Murat Bardakçı): 6 pages to OCR
  Son Osmanlılar (Murat Bardakçı): 1/6
Son Osmanlılar (Murat Bardakçı): done
Sultanın Paşaları (Olivier Bouquet): 12 pages to OCR
  Sultanın Paşaları (Olivier Bouquet): 1/12
Sultanın Paşaları (Olivier Bouquet): done
Türkiye'de Beş Yıl (Liman von Sanders): 4 pages to OCR
  Türkiye'de Beş Yıl (Liman von Sanders): 1/4
Türkiye'de Beş Yıl (Liman von Sanders): done
Türkiye'de Milli İktisat (Zafer Toprak): 13 pages to OCR
  Türkiye'de Milli İktisat (Zafer Toprak): 1/13
Türkiye'de Milli İktisat (Zafer Toprak): done
Vatan Yahut Silistre (Namık Kemal): 3 pages to OCR
  Vatan Yahut Silistre (Namık Kemal): 1/3
Vatan Yahut Silistre (Namık Kemal): done
Zabit ve Kumandan ile Hasbihal (Mustafa Kemal): 5 pages to OCR
[33m[WARNING] 2026-09-24 22:38:45,133 [RapidOCR] main.py:132: The text detection result is empty[0m
  Zabit ve Kumandan ile Hasbihal (Mustafa Kemal): 1/5
Zabit ve Kumandan ile Hasbihal (Mustafa Kemal): done
Çariçe Katerina (Robert K. Massie): 2 pages to OCR
  Çariçe Katerina (Robert K. Massie): 1/2
Çariçe Katerina (Robert K. Massie): done
İstanbul'da Ramazan (François Georgeon): 2 pages to OCR
  İstanbul'da Ramazan (François Georgeon): 1/2
İstanbul'da Ramazan (François Georgeon): done
İstiklal Harbi ve Anadolu (Mehmet Turgut Argun): 8 pages to OCR
[33m[WARNING] 2026-09-24 22:39:08,351 [RapidOCR] main.py:132: The text detection result is empty[0m
[33m[WARNING] 2026-09-24 22:39:09,704 [RapidOCR] main.py:132: The text detection result is empty[0m
  İstiklal Harbi ve Anadolu (Mehmet Turgut Argun): 1/8
[33m[WARNING] 2026-09-24 22:39:09,980 [RapidOCR] main.py:132: The text detection result is empty[0m
İstiklal Harbi ve Anadolu (Mehmet Turgut Argun): done
İttihad ve Terakki Yargılamaları I (Erol Şadi Erdinç): 1 pages to OCR
  İttihad ve Terakki Yargılamaları I (Erol Şadi Erdinç): 1/1
İttihad ve Terakki Yargılamaları I (Erol Şadi Erdinç): done
İttihad ve Terakki Yargılamaları III (Erol Şadi Erdinç): 1 pages to OCR
  İttihad ve Terakki Yargılamaları III (Erol Şadi Erdinç): 1/1
İttihad ve Terakki Yargılamaları III (Erol Şadi Erdinç): done
GARBLED-OCR-DONE
