Talat Paşa'nın Anıları (Talat Paşa): 0 pages to OCR
Talat Paşa'nın Anıları (Talat Paşa): done
Naciyem, Ruhum, Efendim (Murat Bardakçı): 0 pages to OCR
Naciyem, Ruhum, Efendim (Murat Bardakçı): done
Şahbaba (Murat Bardakçı): 50 pages to OCR
  Şahbaba (Murat Bardakçı): 1/50
  Şahbaba (Murat Bardakçı): 26/50
[33m[WARNING] 2026-09-24 22:02:36,854 [RapidOCR] main.py:132: The text detection result is empty[0m
Şahbaba (Murat Bardakçı): done
Türkiye'de Hükümetler (İhsan Güneş): 312 pages to OCR
  Türkiye'de Hükümetler (İhsan Güneş): 1/312
  Türkiye'de Hükümetler (İhsan Güneş): 26/312
  Türkiye'de Hükümetler (İhsan Güneş): 51/312
  Türkiye'de Hükümetler (İhsan Güneş): 76/312
  Türkiye'de Hükümetler (İhsan Güneş): 101/312
  Türkiye'de Hükümetler (İhsan Güneş): 126/312
  Türkiye'de Hükümetler (İhsan Güneş): 151/312
  Türkiye'de Hükümetler (İhsan Güneş): 176/312
  Türkiye'de Hükümetler (İhsan Güneş): 201/312
  Türkiye'de Hükümetler (İhsan Güneş): 226/312
  Türkiye'de Hükümetler (İhsan Güneş): 251/312
  Türkiye'de Hükümetler (İhsan Güneş): 276/312
  Türkiye'de Hükümetler (İhsan Güneş): 301/312
Türkiye'de Hükümetler (İhsan Güneş): done
Türk Halkbilimi (Sedat Veyis Örnek): 303 pages to OCR
  Türk Halkbilimi (Sedat Veyis Örnek): 1/303
[33m[WARNING] 2026-09-24 22:05:23,062 [RapidOCR] main.py:132: The text detection result is empty[0m
  Türk Halkbilimi (Sedat Veyis Örnek): 26/303
  Türk Halkbilimi (Sedat Veyis Örnek): 51/303
  Türk Halkbilimi (Sedat Veyis Örnek): 76/303
  Türk Halkbilimi (Sedat Veyis Örnek): 101/303
  Türk Halkbilimi (Sedat Veyis Örnek): 126/303
  Türk Halkbilimi (Sedat Veyis Örnek): 151/303
  Türk Halkbilimi (Sedat Veyis Örnek): 176/303
[33m[WARNING] 2026-09-24 22:06:53,569 [RapidOCR] main.py:132: The text detection result is empty[0m
  Türk Halkbilimi (Sedat Veyis Örnek): 201/303
  Türk Halkbilimi (Sedat Veyis Örnek): 226/303
  Türk Halkbilimi (Sedat Veyis Örnek): 251/303
[33m[WARNING] 2026-09-24 22:07:28,415 [RapidOCR] main.py:132: The text detection result is empty[0m
  Türk Halkbilimi (Sedat Veyis Örnek): 276/303
  Türk Halkbilimi (Sedat Veyis Örnek): 301/303
Türk Halkbilimi (Sedat Veyis Örnek): done
İttihadçı'nın Sandığı (Murat Bardakçı): 555 pages to OCR
[33m[WARNING] 2026-09-24 22:07:55,841 [RapidOCR] main.py:132: The text detection result is empty[0m
  İttihadçı'nın Sandığı (Murat Bardakçı): 1/555
[33m[WARNING] 2026-09-24 22:08:04,549 [RapidOCR] main.py:132: The text detection result is empty[0m
[33m[WARNING] 2026-09-24 22:08:04,655 [RapidOCR] main.py:132: The text detection result is empty[0m
[33m[WARNING] 2026-09-24 22:08:06,142 [RapidOCR] main.py:132: The text detection result is empty[0m
[33m[WARNING] 2026-09-24 22:08:10,108 [RapidOCR] main.py:132: The text detection result is empty[0m
  İttihadçı'nın Sandığı (Murat Bardakçı): 26/555
[33m[WARNING] 2026-09-24 22:08:27,386 [RapidOCR] main.py:132: The text detection result is empty[0m
  İttihadçı'nın Sandığı (Murat Bardakçı): 51/555
  İttihadçı'nın Sandığı (Murat Bardakçı): 76/555
  İttihadçı'nın Sandığı (Murat Bardakçı): 101/555
  İttihadçı'nın Sandığı (Murat Bardakçı): 126/555
  İttihadçı'nın Sandığı (Murat Bardakçı): 151/555
  İttihadçı'nın Sandığı (Murat Bardakçı): 176/555
  İttihadçı'nın Sandığı (Murat Bardakçı): 201/555
  İttihadçı'nın Sandığı (Murat Bardakçı): 226/555
  İttihadçı'nın Sandığı (Murat Bardakçı): 251/555
[33m[WARNING] 2026-09-24 22:10:26,002 [RapidOCR] main.py:132: The text detection result is empty[0m
  İttihadçı'nın Sandığı (Murat Bardakçı): 276/555
  İttihadçı'nın Sandığı (Murat Bardakçı): 301/555
[33m[WARNING] 2026-09-24 22:10:43,508 [RapidOCR] main.py:132: The text detection result is empty[0m
[33m[WARNING] 2026-09-24 22:10:43,794 [RapidOCR] main.py:132: The text detection result is empty[0m
  İttihadçı'nın Sandığı (Murat Bardakçı): 326/555
[33m[WARNING] 2026-09-24 22:11:15,191 [RapidOCR] main.py:132: The text detection result is empty[0m
[33m[WARNING] 2026-09-24 22:11:15,940 [RapidOCR] main.py:132: The text detection result is empty[0m
  İttihadçı'nın Sandığı (Murat Bardakçı): 351/555
  İttihadçı'nın Sandığı (Murat Bardakçı): 376/555
[33m[WARNING] 2026-09-24 22:11:30,258 [RapidOCR] main.py:132: The text detection result is empty[0m
  İttihadçı'nın Sandığı (Murat Bardakçı): 401/555
[33m[WARNING] 2026-09-24 22:11:35,724 [RapidOCR] main.py:132: The text detection result is empty[0m
  İttihadçı'nın Sandığı (Murat Bardakçı): 426/555
  İttihadçı'nın Sandığı (Murat Bardakçı): 451/555
  İttihadçı'nın Sandığı (Murat Bardakçı): 476/555
[33m[WARNING] 2026-09-24 22:12:23,763 [RapidOCR] main.py:132: The text detection result is empty[0m
  İttihadçı'nın Sandığı (Murat Bardakçı): 501/555
  İttihadçı'nın Sandığı (Murat Bardakçı): 526/555
  İttihadçı'nın Sandığı (Murat Bardakçı): 551/555
İttihadçı'nın Sandığı (Murat Bardakçı): done
Plevne'de Bir Avustralyalı (Charles S. Ryan): 328 pages to OCR
[33m[WARNING] 2026-09-24 22:12:46,429 [RapidOCR] main.py:132: The text detection result is empty[0m
  Plevne'de Bir Avustralyalı (Charles S. Ryan): 1/328
[33m[WARNING] 2026-09-24 22:12:47,414 [RapidOCR] main.py:132: The text detection result is empty[0m
[33m[WARNING] 2026-09-24 22:12:49,615 [RapidOCR] main.py:132: The text detection result is empty[0m
[33m[WARNING] 2026-09-24 22:12:52,807 [RapidOCR] main.py:132: The text detection result is empty[0m
  Plevne'de Bir Avustralyalı (Charles S. Ryan): 26/328
  Plevne'de Bir Avustralyalı (Charles S. Ryan): 51/328
[33m[WARNING] 2026-09-24 22:13:15,796 [RapidOCR] main.py:132: The text detection result is empty[0m
  Plevne'de Bir Avustralyalı (Charles S. Ryan): 76/328
[33m[WARNING] 2026-09-24 22:13:36,121 [RapidOCR] main.py:132: The text detection result is empty[0m
  Plevne'de Bir Avustralyalı (Charles S. Ryan): 101/328
[33m[WARNING] 2026-09-24 22:13:47,909 [RapidOCR] main.py:132: The text detection result is empty[0m
  Plevne'de Bir Avustralyalı (Charles S. Ryan): 126/328
[33m[WARNING] 2026-09-24 22:13:56,834 [RapidOCR] main.py:132: The text detection result is empty[0m
  Plevne'de Bir Avustralyalı (Charles S. Ryan): 151/328
[33m[WARNING] 2026-09-24 22:14:13,483 [RapidOCR] main.py:132: The text detection result is empty[0m
[33m[WARNING] 2026-09-24 22:14:16,799 [RapidOCR] main.py:132: The text detection result is empty[0m
  Plevne'de Bir Avustralyalı (Charles S. Ryan): 176/328
  Plevne'de Bir Avustralyalı (Charles S. Ryan): 201/328
[33m[WARNING] 2026-09-24 22:14:34,275 [RapidOCR] main.py:132: The text detection result is empty[0m
[33m[WARNING] 2026-09-24 22:14:40,147 [RapidOCR] main.py:132: The text detection result is empty[0m
  Plevne'de Bir Avustralyalı (Charles S. Ryan): 226/328
[33m[WARNING] 2026-09-24 22:14:51,694 [RapidOCR] main.py:132: The text detection result is empty[0m
  Plevne'de Bir Avustralyalı (Charles S. Ryan): 251/328
[33m[WARNING] 2026-09-24 22:14:59,103 [RapidOCR] main.py:132: The text detection result is empty[0m
  Plevne'de Bir Avustralyalı (Charles S. Ryan): 276/328
[33m[WARNING] 2026-09-24 22:15:17,872 [RapidOCR] main.py:132: The text detection result is empty[0m
  Plevne'de Bir Avustralyalı (Charles S. Ryan): 301/328
[33m[WARNING] 2026-09-24 22:15:29,622 [RapidOCR] main.py:132: The text detection result is empty[0m
[33m[WARNING] 2026-09-24 22:15:31,563 [RapidOCR] main.py:132: The text detection result is empty[0m
  Plevne'de Bir Avustralyalı (Charles S. Ryan): 326/328
Plevne'de Bir Avustralyalı (Charles S. Ryan): done
Trablusgarp Savaşı ve Türk-İtalyan İlişkileri (Timothy W. Childs): 352 pages to OCR
[33m[WARNING] 2026-09-24 22:15:42,438 [RapidOCR] main.py:132: The text detection result is empty[0m
[33m[WARNING] 2026-09-24 22:15:43,309 [RapidOCR] main.py:132: The text detection result is empty[0m
  Trablusgarp Savaşı ve Türk-İtalyan İlişkileri (Timothy W. Childs): 1/352
[33m[WARNING] 2026-09-24 22:15:44,342 [RapidOCR] main.py:132: The text detection result is empty[0m
[33m[WARNING] 2026-09-24 22:15:46,426 [RapidOCR] main.py:132: The text detection result is empty[0m
  Trablusgarp Savaşı ve Türk-İtalyan İlişkileri (Timothy W. Childs): 26/352
[33m[WARNING] 2026-09-24 22:16:01,456 [RapidOCR] main.py:132: The text detection result is empty[0m
  Trablusgarp Savaşı ve Türk-İtalyan İlişkileri (Timothy W. Childs): 51/352
  Trablusgarp Savaşı ve Türk-İtalyan İlişkileri (Timothy W. Childs): 76/352
  Trablusgarp Savaşı ve Türk-İtalyan İlişkileri (Timothy W. Childs): 101/352
  Trablusgarp Savaşı ve Türk-İtalyan İlişkileri (Timothy W. Childs): 126/352
[33m[WARNING] 2026-09-24 22:16:45,457 [RapidOCR] main.py:132: The text detection result is empty[0m
  Trablusgarp Savaşı ve Türk-İtalyan İlişkileri (Timothy W. Childs): 151/352
[33m[WARNING] 2026-09-24 22:17:01,671 [RapidOCR] main.py:132: The text detection result is empty[0m
  Trablusgarp Savaşı ve Türk-İtalyan İlişkileri (Timothy W. Childs): 176/352
  Trablusgarp Savaşı ve Türk-İtalyan İlişkileri (Timothy W. Childs): 201/352
[33m[WARNING] 2026-09-24 22:17:22,795 [RapidOCR] main.py:132: The text detection result is empty[0m
  Trablusgarp Savaşı ve Türk-İtalyan İlişkileri (Timothy W. Childs): 226/352
  Trablusgarp Savaşı ve Türk-İtalyan İlişkileri (Timothy W. Childs): 251/352
[33m[WARNING] 2026-09-24 22:18:01,930 [RapidOCR] main.py:132: The text detection result is empty[0m
  Trablusgarp Savaşı ve Türk-İtalyan İlişkileri (Timothy W. Childs): 276/352
[33m[WARNING] 2026-09-24 22:18:04,358 [RapidOCR] main.py:132: The text detection result is empty[0m
[33m[WARNING] 2026-09-24 22:18:07,530 [RapidOCR] main.py:132: The text detection result is empty[0m
[33m[WARNING] 2026-09-24 22:18:09,004 [RapidOCR] main.py:132: The text detection result is empty[0m
  Trablusgarp Savaşı ve Türk-İtalyan İlişkileri (Timothy W. Childs): 301/352
  Trablusgarp Savaşı ve Türk-İtalyan İlişkileri (Timothy W. Childs): 326/352
  Trablusgarp Savaşı ve Türk-İtalyan İlişkileri (Timothy W. Childs): 351/352
Trablusgarp Savaşı ve Türk-İtalyan İlişkileri (Timothy W. Childs): done
Osmanlı'da Değişim ve Anayasal Rejim Sorunu (İlber Ortaylı): 352 pages to OCR
[33m[WARNING] 2026-09-24 22:18:54,603 [RapidOCR] main.py:132: The text detection result is empty[0m
[33m[WARNING] 2026-09-24 22:18:54,632 [RapidOCR] main.py:132: The text detection result is empty[0m
[33m[WARNING] 2026-09-24 22:18:55,954 [RapidOCR] main.py:132: The text detection result is empty[0m
  Osmanlı'da Değişim ve Anayasal Rejim Sorunu (İlber Ortaylı): 1/352
[33m[WARNING] 2026-09-24 22:19:05,148 [RapidOCR] main.py:132: The text detection result is empty[0m
  Osmanlı'da Değişim ve Anayasal Rejim Sorunu (İlber Ortaylı): 26/352
  Osmanlı'da Değişim ve Anayasal Rejim Sorunu (İlber Ortaylı): 51/352
  Osmanlı'da Değişim ve Anayasal Rejim Sorunu (İlber Ortaylı): 76/352
[33m[WARNING] 2026-09-24 22:19:32,949 [RapidOCR] main.py:132: The text detection result is empty[0m
  Osmanlı'da Değişim ve Anayasal Rejim Sorunu (İlber Ortaylı): 101/352
[33m[WARNING] 2026-09-24 22:19:49,738 [RapidOCR] main.py:132: The text detection result is empty[0m
  Osmanlı'da Değişim ve Anayasal Rejim Sorunu (İlber Ortaylı): 126/352
  Osmanlı'da Değişim ve Anayasal Rejim Sorunu (İlber Ortaylı): 151/352
[33m[WARNING] 2026-09-24 22:20:17,178 [RapidOCR] main.py:132: The text detection result is empty[0m
  Osmanlı'da Değişim ve Anayasal Rejim Sorunu (İlber Ortaylı): 176/352
  Osmanlı'da Değişim ve Anayasal Rejim Sorunu (İlber Ortaylı): 201/352
[33m[WARNING] 2026-09-24 22:20:45,832 [RapidOCR] main.py:132: The text detection result is empty[0m
  Osmanlı'da Değişim ve Anayasal Rejim Sorunu (İlber Ortaylı): 226/352
  Osmanlı'da Değişim ve Anayasal Rejim Sorunu (İlber Ortaylı): 251/352
  Osmanlı'da Değişim ve Anayasal Rejim Sorunu (İlber Ortaylı): 276/352
[33m[WARNING] 2026-09-24 22:21:09,784 [RapidOCR] main.py:132: The text detection result is empty[0m
[33m[WARNING] 2026-09-24 22:21:17,967 [RapidOCR] main.py:132: The text detection result is empty[0m
  Osmanlı'da Değişim ve Anayasal Rejim Sorunu (İlber Ortaylı): 301/352
  Osmanlı'da Değişim ve Anayasal Rejim Sorunu (İlber Ortaylı): 326/352
  Osmanlı'da Değişim ve Anayasal Rejim Sorunu (İlber Ortaylı): 351/352
Osmanlı'da Değişim ve Anayasal Rejim Sorunu (İlber Ortaylı): done
Bir Amerikan Diplomatının İstanbul Anıları (Samuel S. Cox): 792 pages to OCR
[33m[WARNING] 2026-09-24 22:22:02,734 [RapidOCR] main.py:132: The text detection result is empty[0m
  Bir Amerikan Diplomatının İstanbul Anıları (Samuel S. Cox): 1/792
[33m[WARNING] 2026-09-24 22:22:05,357 [RapidOCR] main.py:132: The text detection result is empty[0m
[33m[WARNING] 2026-09-24 22:22:06,500 [RapidOCR] main.py:132: The text detection result is empty[0m
[33m[WARNING] 2026-09-24 22:22:11,149 [RapidOCR] main.py:132: The text detection result is empty[0m
  Bir Amerikan Diplomatının İstanbul Anıları (Samuel S. Cox): 26/792
  Bir Amerikan Diplomatının İstanbul Anıları (Samuel S. Cox): 51/792
  Bir Amerikan Diplomatının İstanbul Anıları (Samuel S. Cox): 76/792
  Bir Amerikan Diplomatının İstanbul Anıları (Samuel S. Cox): 101/792
  Bir Amerikan Diplomatının İstanbul Anıları (Samuel S. Cox): 126/792
  Bir Amerikan Diplomatının İstanbul Anıları (Samuel S. Cox): 151/792
  Bir Amerikan Diplomatının İstanbul Anıları (Samuel S. Cox): 176/792
  Bir Amerikan Diplomatının İstanbul Anıları (Samuel S. Cox): 201/792
  Bir Amerikan Diplomatının İstanbul Anıları (Samuel S. Cox): 226/792
  Bir Amerikan Diplomatının İstanbul Anıları (Samuel S. Cox): 251/792
  Bir Amerikan Diplomatının İstanbul Anıları (Samuel S. Cox): 276/792
  Bir Amerikan Diplomatının İstanbul Anıları (Samuel S. Cox): 301/792
  Bir Amerikan Diplomatının İstanbul Anıları (Samuel S. Cox): 326/792
  Bir Amerikan Diplomatının İstanbul Anıları (Samuel S. Cox): 351/792
  Bir Amerikan Diplomatının İstanbul Anıları (Samuel S. Cox): 376/792
  Bir Amerikan Diplomatının İstanbul Anıları (Samuel S. Cox): 401/792
  Bir Amerikan Diplomatının İstanbul Anıları (Samuel S. Cox): 426/792
  Bir Amerikan Diplomatının İstanbul Anıları (Samuel S. Cox): 451/792
  Bir Amerikan Diplomatının İstanbul Anıları (Samuel S. Cox): 476/792
  Bir Amerikan Diplomatının İstanbul Anıları (Samuel S. Cox): 501/792
  Bir Amerikan Diplomatının İstanbul Anıları (Samuel S. Cox): 526/792
  Bir Amerikan Diplomatının İstanbul Anıları (Samuel S. Cox): 551/792
  Bir Amerikan Diplomatının İstanbul Anıları (Samuel S. Cox): 576/792
  Bir Amerikan Diplomatının İstanbul Anıları (Samuel S. Cox): 601/792
  Bir Amerikan Diplomatının İstanbul Anıları (Samuel S. Cox): 626/792
  Bir Amerikan Diplomatının İstanbul Anıları (Samuel S. Cox): 651/792
  Bir Amerikan Diplomatının İstanbul Anıları (Samuel S. Cox): 676/792
  Bir Amerikan Diplomatının İstanbul Anıları (Samuel S. Cox): 701/792
  Bir Amerikan Diplomatının İstanbul Anıları (Samuel S. Cox): 726/792
  Bir Amerikan Diplomatının İstanbul Anıları (Samuel S. Cox): 751/792
  Bir Amerikan Diplomatının İstanbul Anıları (Samuel S. Cox): 776/792
[33m[WARNING] 2026-09-24 22:28:24,318 [RapidOCR] main.py:132: The text detection result is empty[0m
Bir Amerikan Diplomatının İstanbul Anıları (Samuel S. Cox): done
ALL-OCR-DONE
