== convert all 22:39:31
100. Yılında Jön Türk Devrimi (Sina Akşin): 685 sections, 38 chapters, 2 corrections
19. Yüzyılda Osmanlı Ekonomisi (Tevfik Güran): 431 sections, 13 chapters, 61 corrections
Allahın Süngüleri Reis Paşa (Attilâ İlhan): 597 sections, 16 chapters, 46 corrections
Arap İsyanı 1916-1918 (David Murphy): 95 sections, 0 chapters, 619 corrections
Atatürk Hakkında Hatıralar ve Belgeler (Afet İnan): 547 sections, 6 chapters, 258 corrections
Atatürk'le Beraber (Mazhar Müfit Kansu): 769 sections, 5 chapters, 119 corrections
skip Atatürk'ün Almanya ve Avusturya Gezileri (Mehmet Önder): djvu source
Avrupa ve Biz (İlber Ortaylı): 257 sections, 14 chapters, 227 corrections
Avrupa'da Müslümanlar (Lucette Valensi): 318 sections, 7 chapters, 2592 corrections
Balkan Harbi'nde Ulaştırma (Bülent Durgun): 298 sections, 23 chapters, 123 corrections
Balkan Savaşları (Troçki) (Leon Trotsky): 388 sections, 0 chapters, 0 corrections
Balkan Savaşı Günlüğü (Gustav von Hochwächter): 149 sections, 1 chapters, 23 corrections
Batı Edebiyatında Oryantalizm 2 (Onur Bilge Kula): 635 sections, 2 chapters, 37 corrections
Bir Amerikan Diplomatının İstanbul Anıları (Samuel S. Cox): 792 sections, 2 chapters, 14713 corrections
Bir Sovyet Diplomatının Türkiye Anıları (S. İ. Aralov): 149 sections, 0 chapters, 0 corrections
Bir Yedek Subayın Anıları (Faik Tonguç): 388 sections, 13 chapters, 9 corrections
Birinci Dünya Savaşı'nda Türkiye (Ahmet Emin Yalman): 383 sections, 30 chapters, 8 corrections
Bu Defa Niçin Harp Edeceğimi Biliyorum (İbrahim Sorguç): 162 sections, 2 chapters, 175 corrections
Büyük Petro (Robert K. Massie): 1093 sections, 8 chapters, 36 corrections
Cemal Paşa Hatıralar (Cemal Paşa): 457 sections, 1 chapters, 68 corrections
Cumhuriyet'in Çinli Misafirleri (Giray Fidan): 176 sections, 12 chapters, 57 corrections
Cumhuriyete Doğru (Mahmut Goloğlu): 377 sections, 0 chapters, 0 corrections
Değişen İstanbul (Zeynep Çelik): 266 sections, 7 chapters, 331 corrections
Enver (Murat Bardakçı): 785 sections, 16 chapters, 8756 corrections
Hafız Hakkı Paşa'nın Sarıkamış Günlüğü (Hafız Hakkı Paşa): 249 sections, 5 chapters, 125 corrections
Halas (Mehmet Rauf): 277 sections, 4 chapters, 110 corrections
Hobart Paşa'nın Anıları (Augustus C. Hobart-Hampden): 335 sections, 2 chapters, 9 corrections
Irak Kralı I. Faysal (Ali A. Allawi): 808 sections, 8 chapters, 62 corrections
Kim Hain, Kim Kahraman (Video transcript): 11 sections, 0 chapters, 0 corrections
Kumandanım Galiçya Ne Yana Düşer (M. Şevki Yazman): 369 sections, 32 chapters, 20 corrections
Kılıç Ali'nin Anıları (Kılıç Ali): 786 sections, 42 chapters, 1305 corrections
Kırım Savaşı ve Osmanlılar (Candan Badem): 505 sections, 6 chapters, 50 corrections
Kısa Türkiye Tarihi (Sina Akşin): 254 sections, 0 chapters, 0 corrections
Kızıltoprak Anıları (Nezih H. Neyzi): 460 sections, 29 chapters, 1277 corrections
Mahşerin İki Gemisi - Part I (Video transcript): 22 sections, 0 chapters, 0 corrections
Mahşerin İki Gemisi - Part II (Video transcript): 20 sections, 0 chapters, 0 corrections
Naciyem, Ruhum, Efendim (Murat Bardakçı): 623 sections, 9 chapters, 14278 corrections
Neden Biz (Video transcript): 16 sections, 0 chapters, 0 corrections
Osmanlı Arap Coğrafyası ve Avrupa Emperyalizmi (Ali Akyıldız): 607 sections, 15 chapters, 93 corrections
Osmanlı Ortadoğu'sunu Yeniden Düşünmek (Cem Emrence): 177 sections, 10 chapters, 40 corrections
Osmanlı Piyadesi 1914-1918 (David Nicolle): 67 sections, 9 chapters, 204 corrections
Osmanlı İmparatorluğu Tarihi (Robert Mantran): 993 sections, 15 chapters, 64 corrections
Osmanlı'da Değişim ve Anayasal Rejim Sorunu (İlber Ortaylı): 352 sections, 7 chapters, 5119 corrections
Osmanlı'da Milletler ve Diplomasi (İlber Ortaylı): 243 sections, 0 chapters, 0 corrections
Plevne'de Bir Avustralyalı (Charles S. Ryan): 328 sections, 0 chapters, 5059 corrections
Sivas Kongresi (Mahmut Goloğlu): 206 sections, 0 chapters, 0 corrections
Son Meşrutiyet (Sina Akşin): 595 sections, 0 chapters, 0 corrections
Son Osmanlılar (Murat Bardakçı): 199 sections, 22 chapters, 15 corrections
Sultanın Paşaları (Olivier Bouquet): 629 sections, 11 chapters, 189 corrections
Talat Paşa'nın Anıları (Talat Paşa): 204 sections, 2 chapters, 2450 corrections
Talât Paşa'nın Evrak-ı Metrukesi (Murat Bardakçı): 153 sections, 0 chapters, 6 corrections
Tarih Boyunca Türk Atasözleri (Aydın Oy): 413 sections, 0 chapters, 36 corrections
The Armenian File (Kâmuran Gürün): 436 sections, 11 chapters, 0 corrections
Trablusgarp Savaşı ve Türk-İtalyan İlişkileri (Timothy W. Childs): 352 sections, 4 chapters, 5044 corrections
Turfanda mı Yoksa Turfa mı (Mizancı Murat): 181 sections, 0 chapters, 0 corrections
Türk Halkbilimi (Sedat Veyis Örnek): 303 sections, 4 chapters, 5948 corrections
Türkiye'de Beş Yıl (Liman von Sanders): 488 sections, 26 chapters, 31 corrections
Türkiye'de Hükümetler (İhsan Güneş): 312 sections, 1 chapters, 4149 corrections
Türkiye'de Milli İktisat (Zafer Toprak): 746 sections, 19 chapters, 216 corrections
Türkiye'nin Modernleşmesi (Arnold Reisman): 439 sections, 0 chapters, 0 corrections
Vatan Yahut Silistre (Namık Kemal): 81 sections, 5 chapters, 51 corrections
Zabit ve Kumandan ile Hasbihal (Mustafa Kemal): 204 sections, 23 chapters, 79 corrections
Çanakkale'yi Almanlar mı Kazandı (Video transcript): 17 sections, 0 chapters, 0 corrections
Çariçe Katerina (Robert K. Massie): 697 sections, 5 chapters, 22 corrections
İntibah (Namık Kemal): 99 sections, 0 chapters, 0 corrections
İstanbul'da Hoş Bir Sada (Anna Grosser-Rilke): 326 sections, 27 chapters, 7 corrections
İstanbul'da Ramazan (François Georgeon): 296 sections, 11 chapters, 30 corrections
İstiklal Harbi ve Anadolu (Mehmet Turgut Argun): 244 sections, 6 chapters, 52 corrections
İttihad ve Terakki Yargılamaları I (Erol Şadi Erdinç): 461 sections, 2 chapters, 86 corrections
İttihad ve Terakki Yargılamaları III (Erol Şadi Erdinç): 1035 sections, 29 chapters, 85 corrections
İttihadçı'nın Sandığı (Murat Bardakçı): 555 sections, 4 chapters, 7997 corrections
İç Savaş ve Sevr'de Ölüm (Sina Akşin): 453 sections, 16 chapters, 42 corrections
Şahbaba (Murat Bardakçı): 714 sections, 43 chapters, 11781 corrections
Şair Evlenmesi (Şinasi): 24 sections, 0 chapters, 0 corrections
== refresh quotes 22:45:36
{'updated': 10385, 'same': 11910, 'unmatched': 725, 'files': 415} report: A:\Projects\ayastefanos-utanci\Lore\Raw\OCR corrections\_quotes.tsv
== check links 22:46:41
164369 links checked, 7 broken (6 distinct)
  missing note: Book (Author)  x2  (e.g. in Handbook)
  missing note: file.jpg  x1  (e.g. in Handbook)
  missing note: Name  x1  (e.g. in Handbook)
  missing note: Note  x1  (e.g. in Handbook)
  missing note: link  x1  (e.g. in Handbook)
  missing note: create a link  x1  (e.g. in Welcome)
FINISH-DONE 22:46:45
