Caliphate: 6 images
Capitulations: 5 images
Eastern Question: 6 images
Famine and epidemics: 3 images
Harem and the palace household: 6 images
Military uniforms and equipment: 6 images
Muslims in Europe: 6 images
National economy (Milli İktisat): 0 images
Orientalism: 6 images
Ottoman Empire: 6 images
Ottoman press: 6 images
Ottomanism: 5 images
Pan-Islamism: 1 images
Philhellenism: 6 images
Ramadan in İstanbul: 6 images
Refugees (muhacir): 6 images
Russian Empire: 6 images
The Sick Man of Europe: 1 images
Turkish folklore: 3 images
Turkish proverbs: 6 images
Turkism and Pan-Turkism: 6 images
31 March Incident (1909): 6 images
Abolition of the Caliphate (1924): 6 images
Abolition of the Janissaries (1826): 2 images
Abolition of the Sultanate (1922): 5 images
Adana events (1909): 6 images
Amasya Circular (1919): 2 images
Arab Revolt (1916-1918): 6 images
Armenian deportation (1915): 6 images
Armistice of Mudanya (1922): 5 images
Armistice of Mudros (1918): 3 images
Balkan Wars (1912-1913): 6 images
Battle of Navarino (1827): 6 images
Battle of Poltava (1709): 6 images
Battle of Sakarya (1921): 6 images
Battle of Çeşme (1770): 6 images
Battles of İnönü (1921): 1 images
British occupation of Egypt (1882): 4 images
Caucasus Front: 6 images
Congress of Berlin (1878): 6 images
Crimean War (1853-1856): 6 images
Crusades: 6 images
Egyptian Question (1831-1841): 4 images
Erzurum Congress (1919): 4 images
Exile of the Ottoman dynasty (1924): 1 images
Fall of Constantinople (1453): 6 images
First Constitutional Era (1876-1878): 6 images
First World War: 6 images
Galician Front (1916-1917): 6 images
Gallipoli Campaign (1915): 6 images
German military mission (1913): 0 images
Goeben and Breslau (1914): 6 images
Great Offensive (1922): 6 images
Greco-Turkish War of 1897: 6 images
Greek War of Independence (1821): 6 images
Hamidian massacres and Armenian uprisings (1894-1896): 6 images
Internal revolts (1919-1921): 1 images
Islahat Fermanı (1856): 4 images
Italo-Turkish War (1911-1912): 6 images
Kemalist reforms: 6 images
Malta exiles (1919-1921): 3 images
Mesopotamian Front: 6 images
Misak-ı Milli (1920): 4 images
Occupation of İstanbul (1918-1923): 6 images
Occupation of İzmir (1919): 6 images
Opening of the Grand National Assembly (1920): 6 images
Palestine and Sinai Front: 6 images
Paris Peace Conference (1919): 6 images
Proclamation of the Republic (1923): 6 images
Prut Campaign (1711): 5 images
Raid on the Sublime Porte (1913): 6 images
Russian Revolution (1917): 6 images
Russian annexation of Crimea (1783): 6 images
Russo-Turkish War of 1877-1878: 6 images
Sarıkamış Operation (1914-1915): 6 images
Sheikh Said rebellion (1925): 4 images
Siege of Kut (1916): 6 images
Siege of Plevne (1877): 6 images
Siege of Vienna (1683): 6 images
Sivas Congress (1919): 6 images
Suez Canal Campaign (1915): 6 images
Sykes-Picot Agreement (1916): 6 images
Tanzimat: 6 images
Treaties of Moscow and Kars (1921): 2 images
Treaty of Balta Limanı (1838): 6 images
Treaty of Brest-Litovsk (1918): 6 images
Treaty of Karlowitz (1699): 6 images
Treaty of Küçük Kaynarca (1774): 5 images
Treaty of Lausanne (1923): 6 images
Treaty of San Stefano (1878): 6 images
Treaty of Sèvres (1920): 6 images
Unionist trials (1919-1920): 4 images
University reform of 1933: 1 images
Young Turk Revolution (1908): 6 images
Yıldız assassination attempt (1905): 6 images
İzmir assassination plot (1926): 6 images
Ahrar Party: 3 images
Armenian revolutionary committees: 6 images
Baghdad Railway: 6 images
Committee of Union and Progress: 6 images
Düyun-u Umumiye: 2 images
English Friendship Society: 2 images
Filiki Eterya: 6 images
Freedom and Accord Party: 0 images
Hamidiye Regiments: 6 images
Hejaz Railway: 6 images
Heyet-i Temsiliye: 6 images
Hilal-i Ahmer: 6 images
Istanbul Independence Tribunals: 1 images
Janissaries: 6 images
Kuva-yı Milliye: 3 images
Kürt Teali Cemiyeti: 5 images
Macedonian committees: 6 images
Müdafaa-i Hukuk societies: 1 images
Ottoman Bank: 6 images
Ottoman Navy: 6 images
Ottoman Parliament: 6 images
Ottoman War Academy: 3 images
Progressive Republican Party: 3 images
Red Army: 6 images
Republican People's Party: 6 images
Sublime Porte: 6 images
Teşkilat-ı Mahsusa: 1 images
Tobacco Régie: 1 images
Türk Ocağı: 6 images
Young Ottomans: 5 images
Young Turks: 6 images
Yıldırım Army Group: 1 images
Abbas Hilmi Paşa: 4 images
Abdullah Cevdet: 5 images
Abdülaziz: 6 images
Abdülhamid II: 6 images
Abdülmecid Efendi: 6 images
Abdülmecid I: 6 images
Adolphus Slade: 2 images
Afet İnan: 2 images
Ahmed Cevdet Paşa: 4 images
Ahmed Midhat Efendi: 4 images
Ahmed Rıza: 6 images
Ahmed Vefik Paşa: 4 images
Ahmed İzzet Paşa: 4 images
Ahmet Anzavur: 1 images
Ahmet Emin Yalman: 4 images
Alexander Gorchakov: 4 images
Alexander II of Russia: 6 images
Alexander Suvorov: 6 images
Alexei Orlov: 4 images
Ali Fuat Cebesoy: 6 images
Ali Kemal: 4 images
Ali Rıza Paşa: 4 images
Ali İhsan Paşa: 5 images
Ali Şükrü Bey: 1 images
Andranik: 6 images
Arthur Calthorpe: 4 images
Aziz Ali el-Mısri: 3 images
Bahaeddin Şakir: 6 images
Baltacı Mehmed Paşa: 1 images
Barbaros Hayreddin: 6 images
Bekir Sami: 3 images
Benjamin Disraeli: 6 images
Boghos Nubar: 2 images
Boğazlıyan Kaymakamı Kemal Bey: 1 images
Cafer Tayyar: 3 images
Cafer el-Askeri: 2 images
Catherine the Great: 6 images
Cavid Bey: 5 images
Celal Bayar: 6 images
Cemal Paşa: 6 images
Charles S. Ryan: 0 images
Charles Townshend: 3 images
Charles XII of Sweden: 6 images
Colmar von der Goltz: 6 images
Damat Ferit Paşa: 6 images
David Lloyd George: 6 images
Dimitrie Cantemir: 6 images
Doktor Nazım: 2 images
Ebüzziya Tevfik: 1 images
Edmund Allenby: 6 images
Edward Grey: 6 images
Eleftherios Venizelos: 6 images
Emir Abdullah: 6 images
Emmanuel Karasu: 2 images
Enver Paşa: 6 images
Erich Ludendorff: 6 images
Erich von Falkenhayn: 4 images
Esat Paşa: 6 images
Evliya Çelebi: 6 images
Fahreddin Paşa: 6 images
Fatih Sultan Mehmed: 6 images
Faysal: 6 images
Fethi Okyar: 6 images
Fevzi Çakmak: 6 images
Fuad Paşa: 4 images
Gazi Ahmed Muhtar Paşa: 6 images
Gazi Osman Paşa: 6 images
George Milne: 6 images
Georgy Chicherin: 6 images
Gertrude Bell: 6 images
Giovanni Giolitti: 6 images
Grigory Potemkin: 6 images
Guido von Usedom: 6 images
Hafız Hakkı Paşa: 2 images
Halide Edib: 6 images
Halil Kut: 2 images
Halil Menteşe: 3 images
Hamdullah Suphi: 4 images
Hans von Wangenheim: 1 images
Hayreddin Paşa: 4 images
Helmuth von Moltke: 6 images
Henry McMahon: 2 images
Henry Morgenthau: 6 images
Hobart Paşa: 2 images
Hürrem Sultan: 6 images
Hüseyin Avni Paşa: 3 images
Hüseyin Cahit: 5 images
Hüseyin Hilmi Paşa: 2 images
Kaiser Wilhelm II: 6 images
Kamil Paşa: 6 images
Kanuni Sultan Süleyman: 6 images
Kara Kemal: 0 images
Kara Vasıf: 0 images
Kavalalı Mehmed Ali Paşa: 6 images
King Ferdinand of Bulgaria: 6 images
Klemens von Metternich: 6 images
Kress von Kressenstein: 2 images
Kâzım Karabekir: 6 images
Kâzım Özalp: 6 images
Köprülü family: 5 images
Kösem Sultan: 6 images
Küçük Said Paşa: 4 images
Kılıç Ali: 0 images
Lajos Kossuth: 6 images
Latife Hanım: 6 images
Leon Trotsky: 6 images
Liman von Sanders: 6 images
Lord Curzon: 6 images
Lord Kitchener: 6 images
Lord Salisbury: 6 images
Mahmud II: 6 images
Mahmud Nedim Paşa: 2 images
Mahmud Şevket Paşa: 6 images
Mark Sykes: 5 images
Mazhar Müfit Kansu: 0 images
Mehmed Akif: 6 images
Mehmed V Reşad: 6 images
Mehmed VI Vahdettin: 6 images
Merzifonlu Kara Mustafa Paşa: 6 images
Midhat Paşa: 6 images
Mikhail Frunze: 6 images
Mikhail Skobelev: 6 images
Mizancı Murad: 0 images
Murad V: 6 images
Mustafa Kemal Atatürk: 6 images
Mustafa Reşid Paşa: 2 images
Mustafa Sabri Efendi: 1 images
Mustafa Suphi: 6 images
Naciye Sultan: 2 images
Namık Kemal: 6 images
Napoleon Bonaparte: 6 images
Napoleon III: 6 images
Nazım Paşa: 6 images
Nemrut Mustafa Paşa: 2 images
Nicholas I of Russia: 6 images
Nicholas II of Russia: 6 images
Nikolay Ignatiev: 6 images
Nuri Conker: 4 images
Nuri Killigil: 6 images
Nuri Said: 3 images
Osman Hamdi Bey: 6 images
Otto von Bismarck: 6 images
Paul von Hindenburg: 6 images
Peter the Great: 6 images
Prens Sabahaddin: 4 images
Prince Menshikov: 3 images
Rahmi Bey: 2 images
Rauf Orbay: 6 images
Refet Bele: 6 images
Refik Halid: 3 images
Resneli Niyazi: 6 images
Rıza Nur: 3 images
Rıza Tevfik: 6 images
Said Halim Paşa: 4 images
Sait Molla: 1 images
Salih Bozok: 2 images
Salih Hulusi Paşa: 3 images
Samuel S. Cox: 5 images
Selim III: 6 images
Semyon Aralov: 2 images
Sergey Sazonov: 5 images
Soghomon Tehlirian: 6 images
Sokullu Mehmed Paşa: 6 images
Stratford Canning: 4 images
Süleyman Hüsnü Paşa: 1 images
T. E. Lawrence: 6 images
Talat Paşa: 6 images
Tekin Alp: 1 images
Tevfik Fikret: 5 images
Tevfik Paşa: 6 images
Topal Osman: 3 images
Vehip Paşa: 3 images
Vladimir Lenin: 6 images
Voltaire: 6 images
Wilhelm Souchon: 4 images
William Gladstone: 6 images
Winston Churchill: 6 images
Woodrow Wilson: 6 images
Yahya Kaptan: 3 images
Yakup Cemil: 2 images
Yavuz Sultan Selim: 6 images
Yunus Nadi: 2 images
Yusuf Akçura: 4 images
Yusuf Kemal Tengirşenk: 1 images
Ziya Gökalp: 6 images
Ziya Paşa: 2 images
Zübeyde Hanım: 5 images
Âli Paşa: 6 images
Çerkez Ethem: 1 images
Ömer Paşa: 6 images
İbn Suud: 6 images
İbrahim Müteferrika: 6 images
İsmet İnönü: 6 images
Şehzade Yusuf İzzeddin: 6 images
Şemsi Paşa: 2 images
Şerif Hüseyin: 6 images
Şinasi: 3 images
Anna Grosser-Rilke: 0 images
Faik Tonguç: 0 images
Gustav von Hochwächter: 0 images
Mehmet Turgut Argun: 0 images
Mehmet Şevki Yazman: 0 images
İbrahim Sorguç: 0 images
Informants and spies (jurnal system): 0 images
Adana: 6 images
Afyon: 6 images
Amasya: 6 images
Anadolu: 6 images
Ankara: 6 images
Antep: 6 images
Arnavutluk: 6 images
Atina: 6 images
Azak: 6 images
Bakü: 6 images
Basra: 6 images
Batum: 6 images
Bağdat: 6 images
Belgrad: 6 images
Berlin: 6 images
Beyoğlu and Galata: 6 images
Beyrut: 6 images
Bitlis: 6 images
Boğazlar: 6 images
Bulgaristan: 6 images
Bursa: 6 images
Cezayir: 6 images
Diyarbakır: 6 images
Dolmabahçe Sarayı: 6 images
Edirne: 6 images
Erzurum: 6 images
Eskişehir: 6 images
Filistin: 6 images
Girit: 6 images
Halep: 6 images
Hicaz: 6 images
Hindistan: 6 images
Irak: 6 images
Kadıköy and Kızıltoprak: 6 images
Kafkasya: 6 images
Kars: 6 images
Kastamonu: 6 images
Kilikya: 6 images
Konya: 6 images
Kudüs: 6 images
Kütahya: 6 images
Kıbrıs: 6 images
Kırım: 6 images
Londra: 6 images
Lübnan: 6 images
Makedonya: 6 images
Malta: 6 images
Manastır: 6 images
Maraş: 6 images
Medine: 6 images
Mekke: 6 images
Moskova: 6 images
Musul: 6 images
Mısır: 2 images
Paris: 6 images
Rumeli: 3 images
Samsun: 6 images
Sarıkamış: 5 images
Selanik: 6 images
Silistre: 6 images
Sivas: 6 images
Sofya: 6 images
St. Petersburg: 6 images
Suriye: 6 images
Süveyş Kanalı: 6 images
Sırbistan: 6 images
Tiflis: 6 images
Topkapı Sarayı: 6 images
